// Jest Snapshot v1, https://goo.gl/fbAQLP

exports[`init transforms correctly using "fixture-1" data 1`] = `
"module.exports = {
  entry: {
    objects: are,

    super: [yeah, {
      test: /\\\\.(js|vue)$/,
      loader: 'eslint-loader',
      enforce: 'pre',
      include: [customObj, 'Stringy'],

      options: {
        formatter: 'someOption'
      }
    }],

    nice: ':)',
    man: () => duper
  }
};"
`;
